2026-09-29T00:09:21.614+05:30  INFO 26056 --- [main] HospitalMS.HospitalmsApplication         : Starting HospitalmsApplication using Java 17.0.12 with PID 26056 (D:\Work\Practice\SpringBoot\hospitalms\target\classes started by FD01954 in D:\Work\Practice\SpringBoot\hospitalms)
2026-09-29T00:09:21.617+05:30 DEBUG 26056 --- [main] HospitalMS.HospitalmsApplication         : Running with Spring Boot v4.1.1, Spring v7.0.9
2026-09-29T00:09:21.618+05:30  INFO 26056 --- [main] HospitalMS.HospitalmsApplication         : No active profile set, falling back to 1 default profile: "default"
2026-09-29T00:09:22.644+05:30  INFO 26056 --- [main] .s.d.r.c.RepositoryConfigurationDelegate : Bootstrapping Spring Data JPA repositories in DEFAULT mode.
2026-09-29T00:09:22.731+05:30  INFO 26056 --- [main] .s.d.r.c.RepositoryConfigurationDelegate : Finished Spring Data repository scanning in 75 ms. Found 4 JPA repository interfaces.
2026-09-29T00:09:23.144+05:30  INFO 26056 --- [main] o.s.boot.tomcat.TomcatWebServer          : Tomcat initialized with port 8080 (http)
2026-09-29T00:09:23.158+05:30  INFO 26056 --- [main] o.apache.catalina.core.StandardService   : Starting service [Tomcat]
2026-09-29T00:09:23.158+05:30  INFO 26056 --- [main] o.apache.catalina.core.StandardEngine    : Starting Servlet engine: [Apache Tomcat/11.0.24]
2026-09-29T00:09:23.223+05:30  INFO 26056 --- [main] b.w.c.s.WebApplicationContextInitializer : Root WebApplicationContext: initialization completed in 1561 ms
2026-09-29T00:09:23.386+05:30  INFO 26056 --- [main] org.hibernate.orm.jpa                    : HHH008540: Processing PersistenceUnitInfo [name: default]
2026-09-29T00:09:23.429+05:30  INFO 26056 --- [main] org.hibernate.orm.core                   : HHH000001: Hibernate ORM core version 7.4.5.Final
2026-09-29T00:09:23.748+05:30  INFO 26056 --- [main] o.s.o.j.p.SpringPersistenceUnitInfo      : No LoadTimeWeaver setup: ignoring JPA class transformer
2026-09-29T00:09:23.774+05:30  INFO 26056 --- [main] com.zaxxer.hikari.HikariDataSource       : HikariPool-1 - Starting...
2026-09-29T00:09:24.000+05:30  INFO 26056 --- [main] com.zaxxer.hikari.pool.HikariPool        : HikariPool-1 - Added connection org.postgresql.jdbc.PgConnection@4e5d5ac1
2026-09-29T00:09:24.001+05:30  INFO 26056 --- [main] com.zaxxer.hikari.HikariDataSource       : HikariPool-1 - Start completed.
2026-09-29T00:09:24.066+05:30  INFO 26056 --- [main] org.hibernate.orm.connections.pooling    : HHH10001005: Database info:
	Database JDBC URL [jdbc:postgresql://localhost:5432/hospital_db1]
	Database driver: PostgreSQL JDBC Driver
	Database dialect: PostgreSQLDialect
	Database version: 18.6
	Default catalog/schema: hospital_db1/public
	Autocommit mode: undefined/unknown
	Isolation level: READ_COMMITTED [default READ_COMMITTED]
	JDBC fetch size: none
	Pool: DataSourceConnectionProvider
	Minimum pool size: undefined/unknown
	Maximum pool size: undefined/unknown
2026-09-29T00:09:24.855+05:30  INFO 26056 --- [main] org.hibernate.orm.core                   : HHH000489: No JTA platform available (set 'hibernate.transaction.jta.platform' to enable JTA platform integration)
2026-09-29T00:09:25.094+05:30  INFO 26056 --- [main] j.LocalContainerEntityManagerFactoryBean : Initialized JPA EntityManagerFactory for persistence unit 'default'
2026-09-29T00:09:25.160+05:30  INFO 26056 --- [main] o.s.d.j.r.query.QueryEnhancerFactories   : Hibernate is in classpath; If applicable, HQL parser will be used.
2026-09-29T00:09:25.418+05:30  WARN 26056 --- [main] JpaBaseConfiguration$JpaWebConfiguration : spring.jpa.open-in-view is enabled by default. Therefore, database queries may be performed during view rendering. Explicitly configure spring.jpa.open-in-view to disable this warning
2026-09-29T00:09:25.777+05:30  INFO 26056 --- [main] o.s.boot.tomcat.TomcatWebServer          : Tomcat started on port 8080 (http) with context path '/'
2026-09-29T00:09:25.782+05:30  INFO 26056 --- [main] HospitalMS.HospitalmsApplication         : Started HospitalmsApplication in 4.673 seconds (process running for 5.868)
2026-09-29T00:09:55.401+05:30  INFO 26056 --- [http-nio-8080-exec-1] o.a.c.c.C.[Tomcat].[localhost].[/]       : Initializing Spring DispatcherServlet 'dispatcherServlet'
2026-09-29T00:09:55.403+05:30  INFO 26056 --- [http-nio-8080-exec-1] o.s.web.servlet.DispatcherServlet        : Initializing Servlet 'dispatcherServlet'
2026-09-29T00:09:55.403+05:30  INFO 26056 --- [http-nio-8080-exec-1] o.s.web.servlet.DispatcherServlet        : Completed initialization in 0 ms
2026-09-29T00:09:59.951+05:30  INFO 26056 --- [http-nio-8080-exec-3] HospitalMS.service.DoctorService         : Doctor created successfully with ID DOC-1003
2026-09-29T00:10:04.250+05:30  INFO 26056 --- [http-nio-8080-exec-4] HospitalMS.service.AppointmentService    : Appointment booking request received for patient PAT-1003 and doctor DOC-1002
2026-09-29T00:10:04.971+05:30  WARN 26056 --- [http-nio-8080-exec-4] HospitalMS.service.AppointmentService    : Doctor DOC-1002 already booked on 2026-09-30 at 09:30
2026-09-29T00:10:11.483+05:30  INFO 26056 --- [http-nio-8080-exec-2] HospitalMS.service.AppointmentService    : Appointment booking request received for patient PAT-1004 and doctor DOC-1003
2026-09-29T00:10:11.498+05:30  INFO 26056 --- [http-nio-8080-exec-2] HospitalMS.service.AppointmentService    : Appointment booked successfully with ID APP-1011
2026-09-29T00:10:17.403+05:30  INFO 26056 --- [http-nio-8080-exec-5] HospitalMS.service.AppointmentService    : Appointment booking request received for patient PAT-1004 and doctor DOC-1003
2026-09-29T00:10:17.403+05:30  WARN 26056 --- [http-nio-8080-exec-5] HospitalMS.service.AppointmentService    : Appointment date 2043-09-30 exceeds booking window
2026-09-29T00:10:21.691+05:30  INFO 26056 --- [http-nio-8080-exec-6] HospitalMS.service.AppointmentService    : Appointment booking request received for patient PAT-1004 and doctor DOC-1003
2026-09-29T00:10:21.699+05:30  WARN 26056 --- [http-nio-8080-exec-6] HospitalMS.service.AppointmentService    : Invalid appointment time 09:30
2026-09-29T00:11:07.334+05:30  INFO 26056 --- [SpringApplicationShutdownHook] o.s.boot.tomcat.GracefulShutdown         : Commencing graceful shutdown. Waiting for active requests to complete
2026-09-29T00:11:07.547+05:30  INFO 26056 --- [tomcat-shutdown] o.s.boot.tomcat.GracefulShutdown         : Graceful shutdown complete
2026-09-29T00:11:07.550+05:30  INFO 26056 --- [SpringApplicationShutdownHook] j.LocalContainerEntityManagerFactoryBean : Closing JPA EntityManagerFactory for persistence unit 'default'
2026-09-29T00:11:07.553+05:30  INFO 26056 --- [SpringApplicationShutdownHook] com.zaxxer.hikari.HikariDataSource       : HikariPool-1 - Shutdown initiated...
2026-09-29T00:11:07.557+05:30  INFO 26056 --- [SpringApplicationShutdownHook] com.zaxxer.hikari.HikariDataSource       : HikariPool-1 - Shutdown completed.
