2026-09-29 15:53:34 INFO  HospitalMS.HospitalmsApplication - Starting HospitalmsApplication using Java 17.0.12 with PID 15508 (D:\Work\Practice\SpringBoot\hospitalms\target\classes started by FD01954 in D:\Work\Practice\SpringBoot\hospitalms)
2026-09-29 15:53:34 DEBUG HospitalMS.HospitalmsApplication - Running with Spring Boot v4.1.1, Spring v7.0.9
2026-09-29 15:53:34 INFO  HospitalMS.HospitalmsApplication - No active profile set, falling back to 1 default profile: "default"
2026-09-29 15:53:34 INFO  o.h.validator.internal.util.Version - HV000001: Hibernate Validator 9.1.3.Final
2026-09-29 15:53:35 INFO  o.s.d.r.c.RepositoryConfigurationDelegate - Bootstrapping Spring Data JPA repositories in DEFAULT mode.
2026-09-29 15:53:35 INFO  o.s.d.r.c.RepositoryConfigurationDelegate - Finished Spring Data repository scanning in 70 ms. Found 4 JPA repository interfaces.
2026-09-29 15:53:35 INFO  o.s.boot.tomcat.TomcatWebServer - Tomcat initialized with port 8080 (http)
2026-09-29 15:53:35 INFO  o.a.coyote.http11.Http11NioProtocol - Initializing ProtocolHandler ["http-nio-8080"]
2026-09-29 15:53:35 INFO  o.a.catalina.core.StandardService - Starting service [Tomcat]
2026-09-29 15:53:35 INFO  o.a.catalina.core.StandardEngine - Starting Servlet engine: [Apache Tomcat/11.0.24]
2026-09-29 15:53:35 INFO  o.s.b.w.c.s.WebApplicationContextInitializer - Root WebApplicationContext: initialization completed in 1095 ms
2026-09-29 15:53:35 INFO  org.hibernate.orm.jpa - HHH008540: Processing PersistenceUnitInfo [name: default]
2026-09-29 15:53:35 INFO  org.hibernate.orm.core - HHH000001: Hibernate ORM core version 7.4.5.Final
2026-09-29 15:53:35 INFO  o.s.o.j.p.SpringPersistenceUnitInfo - No LoadTimeWeaver setup: ignoring JPA class transformer
2026-09-29 15:53:35 INFO  com.zaxxer.hikari.HikariDataSource - HikariPool-1 - Starting...
2026-09-29 15:53:36 INFO  com.zaxxer.hikari.pool.HikariPool - HikariPool-1 - Added connection org.postgresql.jdbc.PgConnection@6acb45c1
2026-09-29 15:53:36 INFO  com.zaxxer.hikari.HikariDataSource - HikariPool-1 - Start completed.
2026-09-29 15:53:36 INFO  o.hibernate.orm.connections.pooling - HHH10001005: Database info:
	Database JDBC URL [jdbc:postgresql://localhost:5432/hospital_db1]
	Database driver: PostgreSQL JDBC Driver
	Database dialect: PostgreSQLDialect
	Database version: 18.6
	Default catalog/schema: hospital_db1/public
	Autocommit mode: undefined/unknown
	Isolation level: READ_COMMITTED [default READ_COMMITTED]
	JDBC fetch size: none
	Pool: DataSourceConnectionProvider
	Minimum pool size: undefined/unknown
	Maximum pool size: undefined/unknown
2026-09-29 15:53:37 INFO  org.hibernate.orm.core - HHH000489: No JTA platform available (set 'hibernate.transaction.jta.platform' to enable JTA platform integration)
2026-09-29 15:53:37 INFO  o.s.o.j.LocalContainerEntityManagerFactoryBean - Initialized JPA EntityManagerFactory for persistence unit 'default'
2026-09-29 15:53:37 INFO  o.s.d.j.r.q.QueryEnhancerFactories - Hibernate is in classpath; If applicable, HQL parser will be used.
2026-09-29 15:53:37 WARN  o.s.b.j.a.JpaBaseConfiguration$JpaWebConfiguration - spring.jpa.open-in-view is enabled by default. Therefore, database queries may be performed during view rendering. Explicitly configure spring.jpa.open-in-view to disable this warning
2026-09-29 15:53:38 INFO  o.a.coyote.http11.Http11NioProtocol - Starting ProtocolHandler ["http-nio-8080"]
2026-09-29 15:53:38 INFO  o.s.boot.tomcat.TomcatWebServer - Tomcat started on port 8080 (http) with context path '/'
2026-09-29 15:53:38 INFO  HospitalMS.HospitalmsApplication - Started HospitalmsApplication in 4.308 seconds (process running for 5.036)
2026-09-29 15:54:00 INFO  H.service.DoctorScheduleService - Daily doctor schedule job started
2026-09-29 15:54:00 INFO  H.service.DoctorScheduleService - Doctor schedule report generated successfully
2026-09-29 15:54:30 INFO  H.service.DoctorScheduleService - Daily doctor schedule job started
2026-09-29 15:54:30 INFO  H.service.DoctorScheduleService - Doctor schedule report generated successfully
2026-09-29 15:55:00 INFO  H.service.DoctorScheduleService - Daily doctor schedule job started
2026-09-29 15:55:00 INFO  H.service.DoctorScheduleService - Doctor schedule report generated successfully
2026-09-29 15:55:30 INFO  H.service.DoctorScheduleService - Daily doctor schedule job started
2026-09-29 15:55:30 INFO  H.service.DoctorScheduleService - Doctor schedule report generated successfully
2026-09-29 15:56:00 INFO  H.service.DoctorScheduleService - Daily doctor schedule job started
2026-09-29 15:56:00 INFO  H.service.DoctorScheduleService - Doctor schedule report generated successfully
2026-09-29 15:56:02 INFO  o.s.boot.tomcat.GracefulShutdown - Commencing graceful shutdown. Waiting for active requests to complete
2026-09-29 15:56:03 INFO  o.s.boot.tomcat.GracefulShutdown - Graceful shutdown complete
2026-09-29 15:56:03 INFO  o.s.o.j.LocalContainerEntityManagerFactoryBean - Closing JPA EntityManagerFactory for persistence unit 'default'
2026-09-29 15:56:03 INFO  com.zaxxer.hikari.HikariDataSource - HikariPool-1 - Shutdown initiated...
2026-09-29 15:56:03 INFO  com.zaxxer.hikari.HikariDataSource - HikariPool-1 - Shutdown completed.
