2026-10-06 23:50:11 INFO  HospitalMS.HospitalmsApplication - Starting HospitalmsApplication using Java 17.0.12 with PID 19960 (D:\Work\Practice\SpringBoot\hospitalms\target\classes started by FD01954 in D:\Work\Practice\SpringBoot\hospitalms)
2026-10-06 23:50:11 DEBUG HospitalMS.HospitalmsApplication - Running with Spring Boot v4.1.1, Spring v7.0.9
2026-10-06 23:50:11 INFO  HospitalMS.HospitalmsApplication - No active profile set, falling back to 1 default profile: "default"
2026-10-06 23:50:11 INFO  o.h.validator.internal.util.Version - HV000001: Hibernate Validator 9.1.3.Final
2026-10-06 23:50:12 INFO  o.s.d.r.c.RepositoryConfigurationDelegate - Bootstrapping Spring Data JPA repositories in DEFAULT mode.
2026-10-06 23:50:12 INFO  o.s.d.r.c.RepositoryConfigurationDelegate - Finished Spring Data repository scanning in 84 ms. Found 5 JPA repository interfaces.
2026-10-06 23:50:12 INFO  o.s.boot.tomcat.TomcatWebServer - Tomcat initialized with port 8080 (http)
2026-10-06 23:50:12 INFO  o.a.coyote.http11.Http11NioProtocol - Initializing ProtocolHandler ["http-nio-8080"]
2026-10-06 23:50:12 INFO  o.a.catalina.core.StandardService - Starting service [Tomcat]
2026-10-06 23:50:12 INFO  o.a.catalina.core.StandardEngine - Starting Servlet engine: [Apache Tomcat/11.0.24]
2026-10-06 23:50:12 INFO  o.s.b.w.c.s.WebApplicationContextInitializer - Root WebApplicationContext: initialization completed in 1781 ms
2026-10-06 23:50:13 INFO  org.hibernate.orm.jpa - HHH008540: Processing PersistenceUnitInfo [name: default]
2026-10-06 23:50:13 INFO  org.hibernate.orm.core - HHH000001: Hibernate ORM core version 7.4.5.Final
2026-10-06 23:50:13 INFO  o.s.o.j.p.SpringPersistenceUnitInfo - No LoadTimeWeaver setup: ignoring JPA class transformer
2026-10-06 23:50:13 INFO  com.zaxxer.hikari.HikariDataSource - HikariPool-1 - Starting...
2026-10-06 23:50:14 INFO  com.zaxxer.hikari.pool.HikariPool - HikariPool-1 - Added connection org.postgresql.jdbc.PgConnection@4cf5d999
2026-10-06 23:50:14 INFO  com.zaxxer.hikari.HikariDataSource - HikariPool-1 - Start completed.
2026-10-06 23:50:14 INFO  o.hibernate.orm.connections.pooling - HHH10001005: Database info:
	Database JDBC URL [jdbc:postgresql://localhost:5432/hospital_db1]
	Database driver: PostgreSQL JDBC Driver
	Database dialect: PostgreSQLDialect
	Database version: 18.6
	Default catalog/schema: hospital_db1/public
	Autocommit mode: undefined/unknown
	Isolation level: READ_COMMITTED [default READ_COMMITTED]
	JDBC fetch size: none
	Pool: DataSourceConnectionProvider
	Minimum pool size: undefined/unknown
	Maximum pool size: undefined/unknown
2026-10-06 23:50:16 INFO  org.hibernate.orm.core - HHH000489: No JTA platform available (set 'hibernate.transaction.jta.platform' to enable JTA platform integration)
2026-10-06 23:50:16 INFO  o.s.o.j.LocalContainerEntityManagerFactoryBean - Initialized JPA EntityManagerFactory for persistence unit 'default'
2026-10-06 23:50:17 INFO  o.s.d.j.r.q.QueryEnhancerFactories - Hibernate is in classpath; If applicable, HQL parser will be used.
2026-10-06 23:50:17 DEBUG H.security.JwtAuthenticationFilter - Filter 'jwtAuthenticationFilter' configured for use
2026-10-06 23:50:17 WARN  o.s.b.j.a.JpaBaseConfiguration$JpaWebConfiguration - spring.jpa.open-in-view is enabled by default. Therefore, database queries may be performed during view rendering. Explicitly configure spring.jpa.open-in-view to disable this warning
2026-10-06 23:50:17 INFO  o.s.s.c.a.a.c.InitializeUserDetailsBeanManagerConfigurer$InitializeUserDetailsManagerConfigurer - Global AuthenticationManager configured with UserDetailsService bean with name customUserDetailsService
2026-10-06 23:50:18 WARN  o.s.b.w.s.s.c.AnnotationConfigServletWebServerApplicationContext - Exception encountered during context initialization - cancelling refresh attempt: org.springframework.beans.factory.NoSuchBeanDefinitionException: No qualifying bean of type 'org.springframework.cache.CacheManager' available: no CacheResolver specified - register a CacheManager bean or remove the @EnableCaching annotation from your configuration.
2026-10-06 23:50:18 INFO  o.s.o.j.LocalContainerEntityManagerFactoryBean - Closing JPA EntityManagerFactory for persistence unit 'default'
2026-10-06 23:50:18 INFO  com.zaxxer.hikari.HikariDataSource - HikariPool-1 - Shutdown initiated...
2026-10-06 23:50:18 INFO  com.zaxxer.hikari.HikariDataSource - HikariPool-1 - Shutdown completed.
2026-10-06 23:50:18 INFO  o.a.catalina.core.StandardService - Stopping service [Tomcat]
2026-10-06 23:50:18 INFO  o.s.b.a.l.ConditionEvaluationReportLogger - 

Error starting ApplicationContext. To display the condition evaluation report re-run your application with 'debug' enabled.
2026-10-06 23:50:18 ERROR o.s.b.d.LoggingFailureAnalysisReporter - 

***************************
APPLICATION FAILED TO START
***************************

Description:

A component required a bean of type 'org.springframework.cache.CacheManager' that could not be found.


Action:

Consider defining a bean of type 'org.springframework.cache.CacheManager' in your configuration.

2026-10-06 23:52:06 INFO  HospitalMS.HospitalmsApplication - Starting HospitalmsApplication using Java 17.0.12 with PID 23292 (D:\Work\Practice\SpringBoot\hospitalms\target\classes started by FD01954 in D:\Work\Practice\SpringBoot\hospitalms)
2026-10-06 23:52:06 DEBUG HospitalMS.HospitalmsApplication - Running with Spring Boot v4.1.1, Spring v7.0.9
2026-10-06 23:52:06 INFO  HospitalMS.HospitalmsApplication - No active profile set, falling back to 1 default profile: "default"
2026-10-06 23:52:07 INFO  o.h.validator.internal.util.Version - HV000001: Hibernate Validator 9.1.3.Final
2026-10-06 23:52:07 INFO  o.s.d.r.c.RepositoryConfigurationDelegate - Bootstrapping Spring Data JPA repositories in DEFAULT mode.
2026-10-06 23:52:07 INFO  o.s.d.r.c.RepositoryConfigurationDelegate - Finished Spring Data repository scanning in 73 ms. Found 5 JPA repository interfaces.
2026-10-06 23:52:08 INFO  o.s.boot.tomcat.TomcatWebServer - Tomcat initialized with port 8080 (http)
2026-10-06 23:52:08 INFO  o.a.coyote.http11.Http11NioProtocol - Initializing ProtocolHandler ["http-nio-8080"]
2026-10-06 23:52:08 INFO  o.a.catalina.core.StandardService - Starting service [Tomcat]
2026-10-06 23:52:08 INFO  o.a.catalina.core.StandardEngine - Starting Servlet engine: [Apache Tomcat/11.0.24]
2026-10-06 23:52:08 INFO  o.s.b.w.c.s.WebApplicationContextInitializer - Root WebApplicationContext: initialization completed in 1374 ms
2026-10-06 23:52:08 INFO  org.hibernate.orm.jpa - HHH008540: Processing PersistenceUnitInfo [name: default]
2026-10-06 23:52:08 INFO  org.hibernate.orm.core - HHH000001: Hibernate ORM core version 7.4.5.Final
2026-10-06 23:52:08 INFO  o.s.o.j.p.SpringPersistenceUnitInfo - No LoadTimeWeaver setup: ignoring JPA class transformer
2026-10-06 23:52:08 INFO  com.zaxxer.hikari.HikariDataSource - HikariPool-1 - Starting...
2026-10-06 23:52:08 INFO  com.zaxxer.hikari.pool.HikariPool - HikariPool-1 - Added connection org.postgresql.jdbc.PgConnection@6651efa4
2026-10-06 23:52:08 INFO  com.zaxxer.hikari.HikariDataSource - HikariPool-1 - Start completed.
2026-10-06 23:52:08 INFO  o.hibernate.orm.connections.pooling - HHH10001005: Database info:
	Database JDBC URL [jdbc:postgresql://localhost:5432/hospital_db1]
	Database driver: PostgreSQL JDBC Driver
	Database dialect: PostgreSQLDialect
	Database version: 18.6
	Default catalog/schema: hospital_db1/public
	Autocommit mode: undefined/unknown
	Isolation level: READ_COMMITTED [default READ_COMMITTED]
	JDBC fetch size: none
	Pool: DataSourceConnectionProvider
	Minimum pool size: undefined/unknown
	Maximum pool size: undefined/unknown
2026-10-06 23:52:09 INFO  org.hibernate.orm.core - HHH000489: No JTA platform available (set 'hibernate.transaction.jta.platform' to enable JTA platform integration)
2026-10-06 23:52:09 INFO  o.s.o.j.LocalContainerEntityManagerFactoryBean - Initialized JPA EntityManagerFactory for persistence unit 'default'
2026-10-06 23:52:09 INFO  o.s.d.j.r.q.QueryEnhancerFactories - Hibernate is in classpath; If applicable, HQL parser will be used.
2026-10-06 23:52:10 DEBUG H.security.JwtAuthenticationFilter - Filter 'jwtAuthenticationFilter' configured for use
2026-10-06 23:52:10 WARN  o.s.b.j.a.JpaBaseConfiguration$JpaWebConfiguration - spring.jpa.open-in-view is enabled by default. Therefore, database queries may be performed during view rendering. Explicitly configure spring.jpa.open-in-view to disable this warning
2026-10-06 23:52:10 INFO  o.s.s.c.a.a.c.InitializeUserDetailsBeanManagerConfigurer$InitializeUserDetailsManagerConfigurer - Global AuthenticationManager configured with UserDetailsService bean with name customUserDetailsService
2026-10-06 23:52:10 WARN  o.s.b.w.s.s.c.AnnotationConfigServletWebServerApplicationContext - Exception encountered during context initialization - cancelling refresh attempt: org.springframework.beans.factory.NoSuchBeanDefinitionException: No qualifying bean of type 'org.springframework.cache.CacheManager' available: no CacheResolver specified - register a CacheManager bean or remove the @EnableCaching annotation from your configuration.
2026-10-06 23:52:10 INFO  o.s.o.j.LocalContainerEntityManagerFactoryBean - Closing JPA EntityManagerFactory for persistence unit 'default'
2026-10-06 23:52:10 INFO  com.zaxxer.hikari.HikariDataSource - HikariPool-1 - Shutdown initiated...
2026-10-06 23:52:10 INFO  com.zaxxer.hikari.HikariDataSource - HikariPool-1 - Shutdown completed.
2026-10-06 23:52:10 INFO  o.a.catalina.core.StandardService - Stopping service [Tomcat]
2026-10-06 23:52:10 INFO  o.s.b.a.l.ConditionEvaluationReportLogger - 

Error starting ApplicationContext. To display the condition evaluation report re-run your application with 'debug' enabled.
2026-10-06 23:52:10 ERROR o.s.b.d.LoggingFailureAnalysisReporter - 

***************************
APPLICATION FAILED TO START
***************************

Description:

A component required a bean of type 'org.springframework.cache.CacheManager' that could not be found.


Action:

Consider defining a bean of type 'org.springframework.cache.CacheManager' in your configuration.

2026-10-06 23:54:55 INFO  HospitalMS.HospitalmsApplication - Starting HospitalmsApplication using Java 17.0.12 with PID 23744 (D:\Work\Practice\SpringBoot\hospitalms\target\classes started by FD01954 in D:\Work\Practice\SpringBoot\hospitalms)
2026-10-06 23:54:55 DEBUG HospitalMS.HospitalmsApplication - Running with Spring Boot v4.1.1, Spring v7.0.9
2026-10-06 23:54:55 INFO  HospitalMS.HospitalmsApplication - No active profile set, falling back to 1 default profile: "default"
2026-10-06 23:54:55 INFO  o.h.validator.internal.util.Version - HV000001: Hibernate Validator 9.1.3.Final
2026-10-06 23:54:56 INFO  o.s.d.r.c.RepositoryConfigurationDelegate - Bootstrapping Spring Data JPA repositories in DEFAULT mode.
2026-10-06 23:54:56 INFO  o.s.d.r.c.RepositoryConfigurationDelegate - Finished Spring Data repository scanning in 76 ms. Found 5 JPA repository interfaces.
2026-10-06 23:54:56 INFO  o.s.boot.tomcat.TomcatWebServer - Tomcat initialized with port 8080 (http)
2026-10-06 23:54:56 INFO  o.a.coyote.http11.Http11NioProtocol - Initializing ProtocolHandler ["http-nio-8080"]
2026-10-06 23:54:56 INFO  o.a.catalina.core.StandardService - Starting service [Tomcat]
2026-10-06 23:54:56 INFO  o.a.catalina.core.StandardEngine - Starting Servlet engine: [Apache Tomcat/11.0.24]
2026-10-06 23:54:57 INFO  o.s.b.w.c.s.WebApplicationContextInitializer - Root WebApplicationContext: initialization completed in 1421 ms
2026-10-06 23:54:57 INFO  org.hibernate.orm.jpa - HHH008540: Processing PersistenceUnitInfo [name: default]
2026-10-06 23:54:57 INFO  org.hibernate.orm.core - HHH000001: Hibernate ORM core version 7.4.5.Final
2026-10-06 23:54:57 INFO  o.s.o.j.p.SpringPersistenceUnitInfo - No LoadTimeWeaver setup: ignoring JPA class transformer
2026-10-06 23:54:57 INFO  com.zaxxer.hikari.HikariDataSource - HikariPool-1 - Starting...
2026-10-06 23:54:57 INFO  com.zaxxer.hikari.pool.HikariPool - HikariPool-1 - Added connection org.postgresql.jdbc.PgConnection@2919aff3
2026-10-06 23:54:57 INFO  com.zaxxer.hikari.HikariDataSource - HikariPool-1 - Start completed.
2026-10-06 23:54:57 INFO  o.hibernate.orm.connections.pooling - HHH10001005: Database info:
	Database JDBC URL [jdbc:postgresql://localhost:5432/hospital_db1]
	Database driver: PostgreSQL JDBC Driver
	Database dialect: PostgreSQLDialect
	Database version: 18.6
	Default catalog/schema: hospital_db1/public
	Autocommit mode: undefined/unknown
	Isolation level: READ_COMMITTED [default READ_COMMITTED]
	JDBC fetch size: none
	Pool: DataSourceConnectionProvider
	Minimum pool size: undefined/unknown
	Maximum pool size: undefined/unknown
2026-10-06 23:54:58 INFO  org.hibernate.orm.core - HHH000489: No JTA platform available (set 'hibernate.transaction.jta.platform' to enable JTA platform integration)
2026-10-06 23:54:58 INFO  o.s.o.j.LocalContainerEntityManagerFactoryBean - Initialized JPA EntityManagerFactory for persistence unit 'default'
2026-10-06 23:54:58 INFO  o.s.d.j.r.q.QueryEnhancerFactories - Hibernate is in classpath; If applicable, HQL parser will be used.
2026-10-06 23:54:59 DEBUG H.security.JwtAuthenticationFilter - Filter 'jwtAuthenticationFilter' configured for use
2026-10-06 23:54:59 WARN  o.s.b.j.a.JpaBaseConfiguration$JpaWebConfiguration - spring.jpa.open-in-view is enabled by default. Therefore, database queries may be performed during view rendering. Explicitly configure spring.jpa.open-in-view to disable this warning
2026-10-06 23:54:59 INFO  o.s.s.c.a.a.c.InitializeUserDetailsBeanManagerConfigurer$InitializeUserDetailsManagerConfigurer - Global AuthenticationManager configured with UserDetailsService bean with name customUserDetailsService
2026-10-06 23:54:59 INFO  o.a.coyote.http11.Http11NioProtocol - Starting ProtocolHandler ["http-nio-8080"]
2026-10-06 23:54:59 INFO  o.s.boot.tomcat.TomcatWebServer - Tomcat started on port 8080 (http) with context path '/'
2026-10-06 23:54:59 INFO  HospitalMS.HospitalmsApplication - Started HospitalmsApplication in 4.644 seconds (process running for 5.202)
2026-10-06 23:55:00 INFO  H.service.DoctorScheduleService - Daily doctor schedule job started
2026-10-06 23:55:00 INFO  H.service.DoctorScheduleService - Doctor schedule report generated successfully
2026-10-06 23:55:27 INFO  o.a.c.c.C.[Tomcat].[localhost].[/] - Initializing Spring DispatcherServlet 'dispatcherServlet'
2026-10-06 23:55:27 INFO  o.s.web.servlet.DispatcherServlet - Initializing Servlet 'dispatcherServlet'
2026-10-06 23:55:27 INFO  o.s.web.servlet.DispatcherServlet - Completed initialization in 6 ms
2026-10-06 23:55:30 INFO  H.service.DoctorScheduleService - Daily doctor schedule job started
2026-10-06 23:55:30 INFO  H.service.DoctorScheduleService - Doctor schedule report generated successfully
2026-10-06 23:56:00 INFO  H.service.DoctorScheduleService - Daily doctor schedule job started
2026-10-06 23:56:00 INFO  H.service.DoctorScheduleService - Doctor schedule report generated successfully
2026-10-06 23:56:11 INFO  HospitalMS.service.DoctorService - Fetching doctor DOC-1001 from DATABASE
2026-10-06 23:56:30 INFO  H.service.DoctorScheduleService - Daily doctor schedule job started
2026-10-06 23:56:30 INFO  H.service.DoctorScheduleService - Doctor schedule report generated successfully
2026-10-06 23:57:00 INFO  H.service.DoctorScheduleService - Daily doctor schedule job started
2026-10-06 23:57:00 INFO  H.service.DoctorScheduleService - Doctor schedule report generated successfully
2026-10-06 23:57:28 INFO  HospitalMS.service.DoctorService - Fetching doctor DOC-1002 from DATABASE
2026-10-06 23:57:30 INFO  H.service.DoctorScheduleService - Daily doctor schedule job started
2026-10-06 23:57:30 INFO  H.service.DoctorScheduleService - Doctor schedule report generated successfully
2026-10-06 23:58:00 INFO  H.service.DoctorScheduleService - Daily doctor schedule job started
2026-10-06 23:58:00 INFO  H.service.DoctorScheduleService - Doctor schedule report generated successfully
2026-10-06 23:58:30 INFO  H.service.DoctorScheduleService - Daily doctor schedule job started
2026-10-06 23:58:30 INFO  H.service.DoctorScheduleService - Doctor schedule report generated successfully
2026-10-06 23:59:00 INFO  H.service.DoctorScheduleService - Daily doctor schedule job started
2026-10-06 23:59:00 INFO  H.service.DoctorScheduleService - Doctor schedule report generated successfully
2026-10-06 23:59:30 INFO  H.service.DoctorScheduleService - Daily doctor schedule job started
2026-10-06 23:59:30 INFO  H.service.DoctorScheduleService - Doctor schedule report generated successfully
