2026-10-07 00:00:00 INFO  H.service.DoctorScheduleService - Daily doctor schedule job started
2026-10-07 00:00:00 INFO  H.service.DoctorScheduleService - Doctor schedule report generated successfully
2026-10-07 00:00:30 INFO  H.service.DoctorScheduleService - Daily doctor schedule job started
2026-10-07 00:00:30 INFO  H.service.DoctorScheduleService - Doctor schedule report generated successfully
2026-10-07 00:00:46 INFO  HospitalMS.service.DoctorService - Fetching doctor DOC-1003 from DATABASE
2026-10-07 00:01:00 INFO  H.service.DoctorScheduleService - Daily doctor schedule job started
2026-10-07 00:01:00 INFO  H.service.DoctorScheduleService - Doctor schedule report generated successfully
2026-10-07 00:01:30 INFO  H.service.DoctorScheduleService - Daily doctor schedule job started
2026-10-07 00:01:30 INFO  H.service.DoctorScheduleService - Doctor schedule report generated successfully
2026-10-07 00:02:00 INFO  H.service.DoctorScheduleService - Daily doctor schedule job started
2026-10-07 00:02:00 INFO  H.service.DoctorScheduleService - Doctor schedule report generated successfully
2026-10-07 00:02:30 INFO  H.service.DoctorScheduleService - Daily doctor schedule job started
2026-10-07 00:02:30 INFO  H.service.DoctorScheduleService - Doctor schedule report generated successfully
2026-10-07 00:03:00 INFO  H.service.DoctorScheduleService - Daily doctor schedule job started
2026-10-07 00:03:00 INFO  H.service.DoctorScheduleService - Doctor schedule report generated successfully
2026-10-07 00:03:30 INFO  H.service.DoctorScheduleService - Daily doctor schedule job started
2026-10-07 00:03:30 INFO  H.service.DoctorScheduleService - Doctor schedule report generated successfully
2026-10-07 00:04:00 INFO  H.service.DoctorScheduleService - Daily doctor schedule job started
2026-10-07 00:04:00 INFO  H.service.DoctorScheduleService - Doctor schedule report generated successfully
2026-10-07 00:04:30 INFO  H.service.DoctorScheduleService - Daily doctor schedule job started
2026-10-07 00:04:30 INFO  H.service.DoctorScheduleService - Doctor schedule report generated successfully
2026-10-07 00:05:00 INFO  H.service.DoctorScheduleService - Daily doctor schedule job started
2026-10-07 00:05:00 INFO  H.service.DoctorScheduleService - Doctor schedule report generated successfully
2026-10-07 00:05:30 INFO  H.service.DoctorScheduleService - Daily doctor schedule job started
2026-10-07 00:05:30 INFO  H.service.DoctorScheduleService - Doctor schedule report generated successfully
2026-10-07 00:05:33 INFO  o.s.boot.tomcat.GracefulShutdown - Commencing graceful shutdown. Waiting for active requests to complete
2026-10-07 00:05:33 INFO  o.s.boot.tomcat.GracefulShutdown - Graceful shutdown complete
2026-10-07 00:05:33 INFO  o.s.o.j.LocalContainerEntityManagerFactoryBean - Closing JPA EntityManagerFactory for persistence unit 'default'
2026-10-07 00:05:33 INFO  com.zaxxer.hikari.HikariDataSource - HikariPool-1 - Shutdown initiated...
2026-10-07 00:05:33 INFO  com.zaxxer.hikari.HikariDataSource - HikariPool-1 - Shutdown completed.
2026-10-07 00:05:42 INFO  HospitalMS.HospitalmsApplication - Starting HospitalmsApplication using Java 17.0.12 with PID 14468 (D:\Work\Practice\SpringBoot\hospitalms\target\classes started by FD01954 in D:\Work\Practice\SpringBoot\hospitalms)
2026-10-07 00:05:42 DEBUG HospitalMS.HospitalmsApplication - Running with Spring Boot v4.1.1, Spring v7.0.9
2026-10-07 00:05:42 INFO  HospitalMS.HospitalmsApplication - No active profile set, falling back to 1 default profile: "default"
2026-10-07 00:05:43 INFO  o.h.validator.internal.util.Version - HV000001: Hibernate Validator 9.1.3.Final
2026-10-07 00:05:44 INFO  o.s.d.r.c.RepositoryConfigurationDelegate - Bootstrapping Spring Data JPA repositories in DEFAULT mode.
2026-10-07 00:05:45 INFO  o.s.d.r.c.RepositoryConfigurationDelegate - Finished Spring Data repository scanning in 213 ms. Found 5 JPA repository interfaces.
2026-10-07 00:05:47 INFO  o.s.boot.tomcat.TomcatWebServer - Tomcat initialized with port 8080 (http)
2026-10-07 00:05:47 INFO  o.a.coyote.http11.Http11NioProtocol - Initializing ProtocolHandler ["http-nio-8080"]
2026-10-07 00:05:47 INFO  o.a.catalina.core.StandardService - Starting service [Tomcat]
2026-10-07 00:05:47 INFO  o.a.catalina.core.StandardEngine - Starting Servlet engine: [Apache Tomcat/11.0.24]
2026-10-07 00:05:47 INFO  o.s.b.w.c.s.WebApplicationContextInitializer - Root WebApplicationContext: initialization completed in 4384 ms
2026-10-07 00:05:47 INFO  org.hibernate.orm.jpa - HHH008540: Processing PersistenceUnitInfo [name: default]
2026-10-07 00:05:47 INFO  org.hibernate.orm.core - HHH000001: Hibernate ORM core version 7.4.5.Final
2026-10-07 00:05:49 INFO  o.s.o.j.p.SpringPersistenceUnitInfo - No LoadTimeWeaver setup: ignoring JPA class transformer
2026-10-07 00:05:50 INFO  com.zaxxer.hikari.HikariDataSource - HikariPool-1 - Starting...
2026-10-07 00:05:50 INFO  com.zaxxer.hikari.pool.HikariPool - HikariPool-1 - Added connection org.postgresql.jdbc.PgConnection@de0c402
2026-10-07 00:05:50 INFO  com.zaxxer.hikari.HikariDataSource - HikariPool-1 - Start completed.
2026-10-07 00:05:51 INFO  o.hibernate.orm.connections.pooling - HHH10001005: Database info:
	Database JDBC URL [jdbc:postgresql://localhost:5432/hospital_db1]
	Database driver: PostgreSQL JDBC Driver
	Database dialect: PostgreSQLDialect
	Database version: 18.6
	Default catalog/schema: hospital_db1/public
	Autocommit mode: undefined/unknown
	Isolation level: READ_COMMITTED [default READ_COMMITTED]
	JDBC fetch size: none
	Pool: DataSourceConnectionProvider
	Minimum pool size: undefined/unknown
	Maximum pool size: undefined/unknown
2026-10-07 00:05:54 INFO  org.hibernate.orm.core - HHH000489: No JTA platform available (set 'hibernate.transaction.jta.platform' to enable JTA platform integration)
2026-10-07 00:05:54 INFO  o.s.o.j.LocalContainerEntityManagerFactoryBean - Initialized JPA EntityManagerFactory for persistence unit 'default'
2026-10-07 00:05:54 INFO  o.s.d.j.r.q.QueryEnhancerFactories - Hibernate is in classpath; If applicable, HQL parser will be used.
2026-10-07 00:05:55 DEBUG H.security.JwtAuthenticationFilter - Filter 'jwtAuthenticationFilter' configured for use
2026-10-07 00:05:56 WARN  o.s.b.j.a.JpaBaseConfiguration$JpaWebConfiguration - spring.jpa.open-in-view is enabled by default. Therefore, database queries may be performed during view rendering. Explicitly configure spring.jpa.open-in-view to disable this warning
2026-10-07 00:05:56 INFO  o.s.s.c.a.a.c.InitializeUserDetailsBeanManagerConfigurer$InitializeUserDetailsManagerConfigurer - Global AuthenticationManager configured with UserDetailsService bean with name customUserDetailsService
2026-10-07 00:05:58 INFO  o.a.coyote.http11.Http11NioProtocol - Starting ProtocolHandler ["http-nio-8080"]
2026-10-07 00:05:58 INFO  o.s.boot.tomcat.TomcatWebServer - Tomcat started on port 8080 (http) with context path '/'
2026-10-07 00:05:58 INFO  HospitalMS.HospitalmsApplication - Started HospitalmsApplication in 16.044 seconds (process running for 16.501)
2026-10-07 00:06:00 INFO  H.service.DoctorScheduleService - Daily doctor schedule job started
2026-10-07 00:06:01 INFO  H.service.DoctorScheduleService - Doctor schedule report generated successfully
2026-10-07 00:06:22 INFO  o.a.c.c.C.[Tomcat].[localhost].[/] - Initializing Spring DispatcherServlet 'dispatcherServlet'
2026-10-07 00:06:22 INFO  o.s.web.servlet.DispatcherServlet - Initializing Servlet 'dispatcherServlet'
2026-10-07 00:06:22 INFO  o.s.web.servlet.DispatcherServlet - Completed initialization in 0 ms
2026-10-07 00:06:22 INFO  HospitalMS.service.DoctorService - Fetching doctor DOC-1003 from DATABASE
2026-10-07 00:06:30 INFO  H.service.DoctorScheduleService - Daily doctor schedule job started
2026-10-07 00:06:30 INFO  H.service.DoctorScheduleService - Doctor schedule report generated successfully
2026-10-07 00:06:50 INFO  HospitalMS.service.DoctorService - Updating doctor DOC-1003 and cache
2026-10-07 00:07:00 INFO  H.service.DoctorScheduleService - Daily doctor schedule job started
2026-10-07 00:07:00 INFO  H.service.DoctorScheduleService - Doctor schedule report generated successfully
2026-10-07 00:07:30 INFO  H.service.DoctorScheduleService - Daily doctor schedule job started
2026-10-07 00:07:30 INFO  H.service.DoctorScheduleService - Doctor schedule report generated successfully
2026-10-07 00:08:00 INFO  H.service.DoctorScheduleService - Daily doctor schedule job started
2026-10-07 00:08:00 INFO  H.service.DoctorScheduleService - Doctor schedule report generated successfully
2026-10-07 00:08:30 INFO  H.service.DoctorScheduleService - Daily doctor schedule job started
2026-10-07 00:08:30 INFO  H.service.DoctorScheduleService - Doctor schedule report generated successfully
2026-10-07 00:09:00 INFO  H.service.DoctorScheduleService - Daily doctor schedule job started
2026-10-07 00:09:00 INFO  H.service.DoctorScheduleService - Doctor schedule report generated successfully
2026-10-07 00:09:30 INFO  H.service.DoctorScheduleService - Daily doctor schedule job started
2026-10-07 00:09:30 INFO  H.service.DoctorScheduleService - Doctor schedule report generated successfully
2026-10-07 00:10:00 INFO  H.service.DoctorScheduleService - Daily doctor schedule job started
2026-10-07 00:10:00 INFO  H.service.DoctorScheduleService - Doctor schedule report generated successfully
2026-10-07 00:10:30 INFO  H.service.DoctorScheduleService - Daily doctor schedule job started
2026-10-07 00:10:30 INFO  H.service.DoctorScheduleService - Doctor schedule report generated successfully
2026-10-07 00:10:48 INFO  o.s.boot.tomcat.GracefulShutdown - Commencing graceful shutdown. Waiting for active requests to complete
2026-10-07 00:10:49 INFO  o.s.boot.tomcat.GracefulShutdown - Graceful shutdown complete
2026-10-07 00:10:49 INFO  o.s.o.j.LocalContainerEntityManagerFactoryBean - Closing JPA EntityManagerFactory for persistence unit 'default'
2026-10-07 00:10:49 INFO  com.zaxxer.hikari.HikariDataSource - HikariPool-1 - Shutdown initiated...
2026-10-07 00:10:49 INFO  com.zaxxer.hikari.HikariDataSource - HikariPool-1 - Shutdown completed.
2026-10-07 11:30:22 INFO  HospitalMS.HospitalmsApplication - Starting HospitalmsApplication using Java 17.0.12 with PID 8848 (D:\Work\Practice\SpringBoot\hospitalms\target\classes started by FD01954 in D:\Work\Practice\SpringBoot\hospitalms)
2026-10-07 11:30:22 DEBUG HospitalMS.HospitalmsApplication - Running with Spring Boot v4.1.1, Spring v7.0.9
2026-10-07 11:30:22 INFO  HospitalMS.HospitalmsApplication - No active profile set, falling back to 1 default profile: "default"
2026-10-07 11:30:23 INFO  o.h.validator.internal.util.Version - HV000001: Hibernate Validator 9.1.3.Final
2026-10-07 11:30:23 INFO  o.s.d.r.c.RepositoryConfigurationDelegate - Bootstrapping Spring Data JPA repositories in DEFAULT mode.
2026-10-07 11:30:23 INFO  o.s.d.r.c.RepositoryConfigurationDelegate - Finished Spring Data repository scanning in 86 ms. Found 5 JPA repository interfaces.
2026-10-07 11:30:24 INFO  o.s.boot.tomcat.TomcatWebServer - Tomcat initialized with port 8080 (http)
2026-10-07 11:30:24 INFO  o.a.coyote.http11.Http11NioProtocol - Initializing ProtocolHandler ["http-nio-8080"]
2026-10-07 11:30:24 INFO  o.a.catalina.core.StandardService - Starting service [Tomcat]
2026-10-07 11:30:24 INFO  o.a.catalina.core.StandardEngine - Starting Servlet engine: [Apache Tomcat/11.0.24]
2026-10-07 11:30:24 INFO  o.s.b.w.c.s.WebApplicationContextInitializer - Root WebApplicationContext: initialization completed in 1507 ms
2026-10-07 11:30:24 INFO  org.hibernate.orm.jpa - HHH008540: Processing PersistenceUnitInfo [name: default]
2026-10-07 11:30:24 INFO  org.hibernate.orm.core - HHH000001: Hibernate ORM core version 7.4.5.Final
2026-10-07 11:30:24 INFO  o.s.o.j.p.SpringPersistenceUnitInfo - No LoadTimeWeaver setup: ignoring JPA class transformer
2026-10-07 11:30:24 INFO  com.zaxxer.hikari.HikariDataSource - HikariPool-1 - Starting...
2026-10-07 11:30:25 INFO  com.zaxxer.hikari.pool.HikariPool - HikariPool-1 - Added connection org.postgresql.jdbc.PgConnection@24955144
2026-10-07 11:30:25 INFO  com.zaxxer.hikari.HikariDataSource - HikariPool-1 - Start completed.
2026-10-07 11:30:25 INFO  o.hibernate.orm.connections.pooling - HHH10001005: Database info:
	Database JDBC URL [jdbc:postgresql://localhost:5432/hospital_db1]
	Database driver: PostgreSQL JDBC Driver
	Database dialect: PostgreSQLDialect
	Database version: 18.6
	Default catalog/schema: hospital_db1/public
	Autocommit mode: undefined/unknown
	Isolation level: READ_COMMITTED [default READ_COMMITTED]
	JDBC fetch size: none
	Pool: DataSourceConnectionProvider
	Minimum pool size: undefined/unknown
	Maximum pool size: undefined/unknown
2026-10-07 11:30:25 INFO  org.hibernate.orm.core - HHH000489: No JTA platform available (set 'hibernate.transaction.jta.platform' to enable JTA platform integration)
2026-10-07 11:30:26 INFO  o.s.o.j.LocalContainerEntityManagerFactoryBean - Initialized JPA EntityManagerFactory for persistence unit 'default'
2026-10-07 11:30:26 INFO  o.s.d.j.r.q.QueryEnhancerFactories - Hibernate is in classpath; If applicable, HQL parser will be used.
2026-10-07 11:30:26 DEBUG H.security.JwtAuthenticationFilter - Filter 'jwtAuthenticationFilter' configured for use
2026-10-07 11:30:26 WARN  o.s.b.j.a.JpaBaseConfiguration$JpaWebConfiguration - spring.jpa.open-in-view is enabled by default. Therefore, database queries may be performed during view rendering. Explicitly configure spring.jpa.open-in-view to disable this warning
2026-10-07 11:30:26 INFO  o.s.s.c.a.a.c.InitializeUserDetailsBeanManagerConfigurer$InitializeUserDetailsManagerConfigurer - Global AuthenticationManager configured with UserDetailsService bean with name customUserDetailsService
2026-10-07 11:30:27 INFO  o.a.coyote.http11.Http11NioProtocol - Starting ProtocolHandler ["http-nio-8080"]
2026-10-07 11:30:27 INFO  o.s.boot.tomcat.TomcatWebServer - Tomcat started on port 8080 (http) with context path '/'
2026-10-07 11:30:27 INFO  HospitalMS.HospitalmsApplication - Started HospitalmsApplication in 4.696 seconds (process running for 5.386)
2026-10-07 11:30:45 INFO  o.a.c.c.C.[Tomcat].[localhost].[/] - Initializing Spring DispatcherServlet 'dispatcherServlet'
2026-10-07 11:30:45 INFO  o.s.web.servlet.DispatcherServlet - Initializing Servlet 'dispatcherServlet'
2026-10-07 11:30:45 INFO  o.s.web.servlet.DispatcherServlet - Completed initialization in 0 ms
2026-10-07 11:31:03 INFO  HospitalMS.service.DoctorService - Fetching doctor DOC-1003 from DATABASE
2026-10-07 11:31:49 INFO  HospitalMS.service.DoctorService - Updating doctor DOC-1003 and cache
